TRACE:simple_boot: sending 3268 bytes, crc32=421fe1e8
