TRACE:simple_boot: sending 3268 bytes, crc32=d89e3bd4
