TRACE:simple_boot: sending 3276 bytes, crc32=938e9b33
