TRACE:simple_boot: sending 3260 bytes, crc32=5e27e28a
