TRACE:simple_boot: sending 3292 bytes, crc32=28490cae
