TRACE:simple_boot: sending 3292 bytes, crc32=c58c3e34
