TRACE:simple_boot: sending 3576 bytes, crc32=22065e88
