TRACE:simple_boot: sending 3284 bytes, crc32=fa5d794c
