TRACE:GET32(0x0x20200008)=0x0x0
TRACE:PUT32(0x0x20200008)=0x0x1
TRACE:GET32(0x0x20200008)=0x0x1
TRACE:PUT32(0x0x20200008)=0x0x1
TRACE:GET32(0x0x20200034)=0x0xf00081ff
TRACE:PUT32(0x0x20200028)=0x0x100000
TRACE:GET32(0x0x20200034)=0x0xf00081ff
TRACE:PUT32(0x0x20200028)=0x0x100000
TRACE:GET32(0x0x20200034)=0x0xf00081ff
TRACE:PUT32(0x0x20200028)=0x0x100000
TRACE:GET32(0x0x20200034)=0x0xf00081ff
TRACE:PUT32(0x0x20200028)=0x0x100000
TRACE:GET32(0x0x20200034)=0x0xf00081ff
TRACE:PUT32(0x0x20200028)=0x0x100000
TRACE:GET32(0x0x20200034)=0x0xf00081ff
TRACE:PUT32(0x0x20200028)=0x0x100000
TRACE:GET32(0x0x20200034)=0x0xf00081ff
TRACE:PUT32(0x0x20200028)=0x0x100000
TRACE:GET32(0x0x20200034)=0x0xf00081ff
TRACE:PUT32(0x0x20200028)=0x0x100000
TRACE:GET32(0x0x20200034)=0x0xf00081ff
TRACE:PUT32(0x0x20200028)=0x0x100000
TRACE:GET32(0x0x20200034)=0x0xf00081ff
TRACE:PUT32(0x0x20200028)=0x0x100000
